
> apa-crew-calc@0.0.0 test
> vitest run


 RUN  v4.1.4 /Users/milocosemans/Git/apa-crew-calc


 Test Files  5 passed (5)
      Tests  20 passed (20)
   Start at  14:32:34
   Duration  2.58s (transform 1.86s, setup 0ms, import 1.81s, tests 577ms, environment 8.78s)

